[batch] processing 20 books (max=20)

=== [1/20] The Bogleheads Guide to Investing ===
[batch] OK: The Bogleheads Guide to Investing

=== [2/20] The Cashflow Quadrant ===
[batch] OK: The Cashflow Quadrant

=== [3/20] The Gap and The Gain ===
[batch] OK: The Gap and The Gain

=== [4/20] Poor Charlies Almanack ===
[batch] OK: Poor Charlies Almanack

=== [5/20] You Are a Badass ===
[batch] OK: You Are a Badass

=== [6/20] The Wealthy Gardener ===
[batch] OK: The Wealthy Gardener

=== [7/20] The Dao of Capital ===
[batch] OK: The Dao of Capital

=== [8/20] The Innovators Dilemma ===
[batch] OK: The Innovators Dilemma

=== [9/20] The Startup Owners Manual ===
[batch] OK: The Startup Owners Manual

=== [10/20] Quiet ===
[batch] OK: Quiet

=== [11/20] Thinking Fast and Slow ===
[batch] OK: Thinking Fast and Slow

=== [12/20] Moneyball ===
[batch] OK: Moneyball

=== [13/20] Flash Boys ===
[batch] OK: Flash Boys

=== [14/20] Unconventional Success ===
[batch] OK: Unconventional Success

=== [15/20] Winning the Losers Game ===
[batch] OK: Winning the Losers Game

=== [16/20] The Investors Manifesto ===
[batch] OK: The Investors Manifesto

=== [17/20] The Single Best Investment ===
[batch] OK: The Single Best Investment

=== [18/20] The Bond Book ===
[batch] OK: The Bond Book

=== [19/20] The Hedge Fund Mirage ===
[batch] OK: The Hedge Fund Mirage

=== [20/20] A Million Bucks by 30 ===
[batch] OK: A Million Bucks by 30

[batch] queue drained
[batch] done: 20 generated
