[batch] processing 20 books (max=20)

=== [1/20] The Secret ===
[batch] OK: The Secret

=== [2/20] The Greatest Salesman in the World ===
[batch] OK: The Greatest Salesman in the World

=== [3/20] The Power of Your Subconscious Mind ===
[batch] OK: The Power of Your Subconscious Mind

=== [4/20] The Game of Life and How to Play It ===
[batch] OK: The Game of Life and How to Play It

=== [5/20] The Seat of the Soul ===
[batch] OK: The Seat of the Soul

=== [6/20] The Celestine Prophecy ===
[batch] OK: The Celestine Prophecy

=== [7/20] The Prophet ===
[batch] OK: The Prophet

=== [8/20] The Book of Joy ===
[batch] OK: The Book of Joy

=== [9/20] Ask and It Is Given ===
[batch] OK: Ask and It Is Given

=== [10/20] The Law of Attraction ===
[batch] OK: The Law of Attraction

=== [11/20] Money and the Law of Attraction ===
[batch] OK: Money and the Law of Attraction

=== [12/20] Manifest Your Destiny ===
[batch] OK: Manifest Your Destiny

=== [13/20] Your Erroneous Zones ===
[batch] OK: Your Erroneous Zones

=== [14/20] The Sky Is the Limit ===
[batch] OK: The Sky Is the Limit

=== [15/20] The Master Key to Riches ===
[batch] OK: The Master Key to Riches

=== [16/20] Grow Rich with Peace of Mind ===
[batch] OK: Grow Rich with Peace of Mind

=== [17/20] The Magic Ladder to Success ===
[batch] OK: The Magic Ladder to Success

=== [18/20] The New Market Wizards ===
[batch] OK: The New Market Wizards

=== [19/20] Stock Market Wizards ===
[batch] OK: Stock Market Wizards

=== [20/20] Hedge Fund Market Wizards ===
[batch] OK: Hedge Fund Market Wizards

[batch] queue drained
[batch] done: 20 generated
