[batch] processing 19 books (max=20)

=== [1/19] The Alchemy of Finance ===
[batch] OK: The Alchemy of Finance

=== [2/19] The Latte Factor ===
[batch] OK: The Latte Factor

=== [3/19] Start Late, Finish Rich ===
[batch] OK: Start Late, Finish Rich

=== [4/19] Thinking in Systems ===
[batch] OK: Thinking in Systems

=== [5/19] The Fifth Discipline ===
[batch] OK: The Fifth Discipline

=== [6/19] The Oz Principle ===
[batch] OK: The Oz Principle

=== [7/19] The Energy Bus ===
[batch] OK: The Energy Bus

=== [8/19] The Miracle Equation ===
[batch] OK: The Miracle Equation

=== [9/19] The Enchiridion ===
[batch] OK: The Enchiridion

=== [10/19] The Success Equation ===
[batch] OK: The Success Equation

=== [11/19] More Than You Know ===
[batch] OK: More Than You Know

=== [12/19] The Two-Income Trap ===
[batch] OK: The Two-Income Trap

=== [13/19] The Thin Green Line ===
[batch] OK: The Thin Green Line

=== [14/19] The Number ===
[batch] OK: The Number

=== [15/19] Pound Foolish ===
[batch] OK: Pound Foolish

=== [16/19] Debt: The First 5,000 Years ===
[batch] OK: Debt: The First 5,000 Years

=== [17/19] The Price of Tomorrow ===
[batch] OK: The Price of Tomorrow

=== [18/19] The Creature from Jekyll Island ===
[batch] OK: The Creature from Jekyll Island

=== [19/19] The Sovereign Individual ===
[batch] OK: The Sovereign Individual

[batch] queue drained
[batch] done: 19 generated
