[batch] processing 20 books (max=20)

=== [1/20] The Zurich Axioms ===
[batch] OK: The Zurich Axioms

=== [2/20] Where Are the Customers' Yachts? ===
[batch] OK: Where Are the Customers' Yachts?

=== [3/20] The Money Game ===
[batch] OK: The Money Game

=== [4/20] The Clash of the Cultures ===
[batch] OK: The Clash of the Cultures

=== [5/20] When Genius Failed ===
[batch] OK: When Genius Failed

=== [6/20] Barbarians at the Gate ===
[batch] OK: Barbarians at the Gate

=== [7/20] Den of Thieves ===
[batch] OK: Den of Thieves

=== [8/20] The Ascent of Money ===
[batch] OK: The Ascent of Money

=== [9/20] The Great Crash 1929 ===
[batch] OK: The Great Crash 1929

=== [10/20] More Money Than God ===
[batch] OK: More Money Than God

=== [11/20] Financial Shenanigans ===
[batch] OK: Financial Shenanigans

=== [12/20] The Investment Checklist ===
[batch] OK: The Investment Checklist

=== [13/20] The Interpretation of Financial Statements ===
[batch] OK: The Interpretation of Financial Statements

=== [14/20] The Ten Roads to Riches ===
[batch] OK: The Ten Roads to Riches

=== [15/20] Tap Dancing to Work ===
[batch] OK: Tap Dancing to Work

=== [16/20] The House of Morgan ===
[batch] OK: The House of Morgan

=== [17/20] Money Mischief ===
[batch] OK: Money Mischief

=== [18/20] The Only Three Questions That Count ===
[batch] OK: The Only Three Questions That Count

=== [19/20] Devil Take the Hindmost ===
[batch] OK: Devil Take the Hindmost

=== [20/20] The Wisdom of Finance ===
[batch] OK: The Wisdom of Finance

[batch] queue drained
[batch] done: 20 generated
