[batch] processing 20 books (max=20)

=== [1/20] The One Minute Manager ===
[batch] OK: The One Minute Manager

=== [2/20] The 80/20 Principle ===
[batch] gen FAILED, keep in queue: y", line 208, in SaveToFile
    f = open(filename, "wb")
        ^^^^^^^^^^^^^^^^^^^^
FileNotFoundError: [Errno 2] No such file or directory: '/home/ubuntu/affiliate-blog/pdf/The_80/20_Principle.pdf'


=== [3/20] The Art of the Start ===
[batch] OK: The Art of the Start

=== [4/20] The Challenger Sale ===
[batch] OK: The Challenger Sale

=== [5/20] Predictable Revenue ===
[batch] OK: Predictable Revenue

=== [6/20] The Five Dysfunctions of a Team ===
[batch] OK: The Five Dysfunctions of a Team

=== [7/20] Leadership and Self-Deception ===
[batch] OK: Leadership and Self-Deception

=== [8/20] The 21 Irrefutable Laws of Leadership ===
[batch] OK: The 21 Irrefutable Laws of Leadership

=== [9/20] Founders at Work ===
[batch] OK: Founders at Work

=== [10/20] Venture Deals ===
[batch] OK: Venture Deals

=== [11/20] The Art of Possibility ===
[batch] OK: The Art of Possibility

=== [12/20] The Happiness Advantage ===
[batch] OK: The Happiness Advantage

=== [13/20] The Power of Full Engagement ===
[batch] OK: The Power of Full Engagement

=== [14/20] Multipliers ===
[batch] OK: Multipliers

=== [15/20] Radical Candor ===
[batch] OK: Radical Candor

=== [16/20] The Culture Map ===
[batch] OK: The Culture Map

=== [17/20] The Score Takes Care of Itself ===
[batch] OK: The Score Takes Care of Itself

=== [18/20] Winning ===
[batch] OK: Winning

=== [19/20] High Growth Handbook ===
[batch] OK: High Growth Handbook

=== [20/20] The Founder's Dilemmas ===
[batch] OK: The Founder's Dilemmas

[batch] 1 left in queue for next run
[batch] done: 19 generated
